// Jest Snapshot v1, https://goo.gl/fbAQLP

exports[`Storyshots Components Logo 1`] = `
<img
  alt="Qantas"
  className=""
  src=""
/>
`;

exports[`Storyshots Components Rate - Circle 1`] = `
<div
  className=""
  data-testid="rate"
  title={2.5}
>
  <svg
    data-testid="rate-full-circle"
    fill="currentColor"
    height="1em"
    stroke="currentColor"
    strokeWidth="0"
    style={
      Object {
        "color": undefined,
      }
    }
    viewBox="0 0 512 512"
    width="1em"
    xmlns="http://www.w3.org/2000/svg"
  >
    <path
      d="M256 8C119 8 8 119 8 256s111 248 248 248 248-111 248-248S393 8 256 8z"
    />
  </svg>
  <svg
    data-testid="rate-full-circle"
    fill="currentColor"
    height="1em"
    stroke="currentColor"
    strokeWidth="0"
    style={
      Object {
        "color": undefined,
      }
    }
    viewBox="0 0 512 512"
    width="1em"
    xmlns="http://www.w3.org/2000/svg"
  >
    <path
      d="M256 8C119 8 8 119 8 256s111 248 248 248 248-111 248-248S393 8 256 8z"
    />
  </svg>
  <svg
    data-testid="rate-half-circle"
    fill="currentColor"
    height="1em"
    stroke="currentColor"
    strokeWidth="0"
    style={
      Object {
        "color": undefined,
      }
    }
    viewBox="0 0 512 512"
    width="1em"
    xmlns="http://www.w3.org/2000/svg"
  >
    <path
      d="M8 256c0 136.966 111.033 248 248 248s248-111.034 248-248S392.966 8 256 8 8 119.033 8 256zm248 184V72c101.705 0 184 82.311 184 184 0 101.705-82.311 184-184 184z"
    />
  </svg>
</div>
`;

exports[`Storyshots Components Rate - Star 1`] = `
<div
  className=""
  data-testid="rate"
  title={2.5}
>
  <svg
    data-testid="rate-full-star"
    fill="currentColor"
    height="1em"
    stroke="currentColor"
    strokeWidth="0"
    style={
      Object {
        "color": undefined,
      }
    }
    viewBox="0 0 576 512"
    width="1em"
    xmlns="http://www.w3.org/2000/svg"
  >
    <path
      d="M259.3 17.8L194 150.2 47.9 171.5c-26.2 3.8-36.7 36.1-17.7 54.6l105.7 103-25 145.5c-4.5 26.3 23.2 46 46.4 33.7L288 439.6l130.7 68.7c23.2 12.2 50.9-7.4 46.4-33.7l-25-145.5 105.7-103c19-18.5 8.5-50.8-17.7-54.6L382 150.2 316.7 17.8c-11.7-23.6-45.6-23.9-57.4 0z"
    />
  </svg>
  <svg
    data-testid="rate-full-star"
    fill="currentColor"
    height="1em"
    stroke="currentColor"
    strokeWidth="0"
    style={
      Object {
        "color": undefined,
      }
    }
    viewBox="0 0 576 512"
    width="1em"
    xmlns="http://www.w3.org/2000/svg"
  >
    <path
      d="M259.3 17.8L194 150.2 47.9 171.5c-26.2 3.8-36.7 36.1-17.7 54.6l105.7 103-25 145.5c-4.5 26.3 23.2 46 46.4 33.7L288 439.6l130.7 68.7c23.2 12.2 50.9-7.4 46.4-33.7l-25-145.5 105.7-103c19-18.5 8.5-50.8-17.7-54.6L382 150.2 316.7 17.8c-11.7-23.6-45.6-23.9-57.4 0z"
    />
  </svg>
  <svg
    data-testid="rate-half-star"
    fill="currentColor"
    height="1em"
    stroke="currentColor"
    strokeWidth="0"
    style={
      Object {
        "color": undefined,
      }
    }
    viewBox="0 0 576 512"
    width="1em"
    xmlns="http://www.w3.org/2000/svg"
  >
    <path
      d="M288 0c-11.4 0-22.8 5.9-28.7 17.8L194 150.2 47.9 171.4c-26.2 3.8-36.7 36.1-17.7 54.6l105.7 103-25 145.5c-4.5 26.1 23 46 46.4 33.7L288 439.6V0z"
    />
  </svg>
</div>
`;

exports[`Storyshots Icons Circle 1`] = `
<svg
  fill="currentColor"
  height="1em"
  stroke="currentColor"
  strokeWidth="0"
  style={
    Object {
      "color": undefined,
    }
  }
  viewBox="0 0 512 512"
  width="1em"
  xmlns="http://www.w3.org/2000/svg"
>
  <path
    d="M256 8C119 8 8 119 8 256s111 248 248 248 248-111 248-248S393 8 256 8z"
  />
</svg>
`;

exports[`Storyshots Icons CircleHalf 1`] = `
<svg
  fill="currentColor"
  height="1em"
  stroke="currentColor"
  strokeWidth="0"
  style={
    Object {
      "color": undefined,
    }
  }
  viewBox="0 0 512 512"
  width="1em"
  xmlns="http://www.w3.org/2000/svg"
>
  <path
    d="M8 256c0 136.966 111.033 248 248 248s248-111.034 248-248S392.966 8 256 8 8 119.033 8 256zm248 184V72c101.705 0 184 82.311 184 184 0 101.705-82.311 184-184 184z"
  />
</svg>
`;

exports[`Storyshots Icons Star 1`] = `
<svg
  fill="currentColor"
  height="1em"
  stroke="currentColor"
  strokeWidth="0"
  style={
    Object {
      "color": undefined,
    }
  }
  viewBox="0 0 576 512"
  width="1em"
  xmlns="http://www.w3.org/2000/svg"
>
  <path
    d="M259.3 17.8L194 150.2 47.9 171.5c-26.2 3.8-36.7 36.1-17.7 54.6l105.7 103-25 145.5c-4.5 26.3 23.2 46 46.4 33.7L288 439.6l130.7 68.7c23.2 12.2 50.9-7.4 46.4-33.7l-25-145.5 105.7-103c19-18.5 8.5-50.8-17.7-54.6L382 150.2 316.7 17.8c-11.7-23.6-45.6-23.9-57.4 0z"
  />
</svg>
`;

exports[`Storyshots Icons StarHalf 1`] = `
<svg
  fill="currentColor"
  height="1em"
  stroke="currentColor"
  strokeWidth="0"
  style={
    Object {
      "color": undefined,
    }
  }
  viewBox="0 0 576 512"
  width="1em"
  xmlns="http://www.w3.org/2000/svg"
>
  <path
    d="M288 0c-11.4 0-22.8 5.9-28.7 17.8L194 150.2 47.9 171.4c-26.2 3.8-36.7 36.1-17.7 54.6l105.7 103-25 145.5c-4.5 26.1 23 46 46.4 33.7L288 439.6V0z"
  />
</svg>
`;
